exports[`test Renders MatrixCell correctly 1`] = `
<div
  className="square dark-grey-background">
  <div
    className="square-content">
    <div
      className="table">
      <div
        className="table-cell text-big">
        <span>
          This is some text
        </span>
      </div>
    </div>
  </div>
</div>
`;
