exports[`test Renders SelectField correctly 1`] = `
<div
  className="form-group">
  <label
    className="col-sm-2 control-label"
    htmlFor="snapshot-select">
    Please, select something
  </label>
  <div
    className="col-sm-10">
    <select
      className="form-control"
      id="snapshot-select"
      name="snapshot-select"
      type={undefined}>
      <option
        value="option1">
        Option 1
      </option>
      <option
        value="option2">
        Option 2
      </option>
      <option
        value="option3">
        Option 3
      </option>
    </select>
  </div>
</div>
`;
